#
# A fatal error has been detected by the Java Runtime Environment:
#
#  EXCEPTION_ACCESS_VIOLATION (0xc0000005) at pc=0x000001fb07bb4b2f, pid=9464, tid=27712
#
# JRE version: OpenJDK Runtime Environment Temurin-17.0.14+7 (17.0.14+7) (build 17.0.14+7)
# Java VM: OpenJDK 64-Bit Server VM Temurin-17.0.14+7 (17.0.14+7, mixed mode, sharing, tiered, compressed oops, compressed class ptrs, g1 gc, windows-amd64)
# Problematic frame:
# J 283 c2 sun.misc.Unsafe.getLong(J)J jdk.unsupported@17.0.14 (8 bytes) @ 0x000001fb07bb4b2f [0x000001fb07bb4b00+0x000000000000002f]
#
# No core dump will be written. Minidumps are not enabled by default on client versions of Windows
#
# If you would like to submit a bug report, please visit:
#   https://github.com/adoptium/adoptium-support/issues
#

---------------  S U M M A R Y ------------

Command Line: -Dfile.encoding=UTF-8 -Dfile.encoding=UTF-8 -Duser.country=CN -Duser.language=zh -Duser.variant net.hotspot.cplus.Utils.UnsafeUtils

Host: 13th Gen Intel(R) Core(TM) i5-13400F, 16 cores, 31G,  Windows 11 , 64 bit Build 26100 (10.0.26100.9444)
Time: Sat Sep 26 22:43:41 2026  Windows 11 , 64 bit Build 26100 (10.0.26100.9444) elapsed time: 0.097657 seconds (0d 0h 0m 0s)

---------------  T H R E A D  ---------------

Current thread (0x000001fb744673a0):  JavaThread "main" [_thread_in_Java, id=27712, stack(0x000000879a500000,0x000000879a600000)]

Stack: [0x000000879a500000,0x000000879a600000],  sp=0x000000879a5ff030,  free space=1020k
Native frames: (J=compiled Java code, j=interpreted, Vv=VM code, C=native code)
C  0x000001fb07bb4b2f

The last pc belongs to nmethod (printed below).

siginfo: EXCEPTION_ACCESS_VIOLATION (0xc0000005), reading address 0x000001fb36000798


Registers:
RAX=0x000001fb65029ab0, RBX=0x000001fb65029ab0, RCX=0x0000000602498b18, RDX=0x0000000602498b18
RSP=0x000000879a5ff030, RBP=0x000000879a5ff0c0, RSI=0x0000000000000000, RDI=0x0000000000000158
R8 =0x000001fb36000798, R9 =0x00000006030beb40, R10=0x000001fb36000798, R11=0x000001fb07bb4b20
R12=0x0000000000000000, R13=0x000000879a5ff058, R14=0x000000879a5ff0e0, R15=0x000001fb744673a0
RIP=0x000001fb07bb4b2f, EFLAGS=0x0000000000010206


Register to memory mapping:

RIP=0x000001fb07bb4b2f is at entry_point+47 in (nmethod*)0x000001fb07bb4990
Compiled method (c2)      99  283       4       sun.misc.Unsafe::getLong (8 bytes)
 total in heap  [0x000001fb07bb4990,0x000001fb07bb4ba8] = 536
 relocation     [0x000001fb07bb4ae8,0x000001fb07bb4af8] = 16
 main code      [0x000001fb07bb4b00,0x000001fb07bb4b60] = 96
 stub code      [0x000001fb07bb4b60,0x000001fb07bb4b78] = 24
 scopes data    [0x000001fb07bb4b78,0x000001fb07bb4b80] = 8
 scopes pcs     [0x000001fb07bb4b80,0x000001fb07bb4ba0] = 32
 dependencies   [0x000001fb07bb4ba0,0x000001fb07bb4ba8] = 8
RAX={method} {0x000001fb65029ab8} 'getLong' '(J)J' in 'sun/misc/Unsafe'
RBX={method} {0x000001fb65029ab8} 'getLong' '(J)J' in 'sun/misc/Unsafe'
RCX=0x0000000602498b18 is an oop: sun.misc.Unsafe 
{0x0000000602498b18} - klass: 'sun/misc/Unsafe'
 - ---- fields (total size 2 words):
RDX=0x0000000602498b18 is an oop: sun.misc.Unsafe 
{0x0000000602498b18} - klass: 'sun/misc/Unsafe'
 - ---- fields (total size 2 words):
RSP=0x000000879a5ff030 is pointing into the stack for thread: 0x000001fb744673a0
RBP=0x000000879a5ff0c0 is pointing into the stack for thread: 0x000001fb744673a0
RSI=0x0 is NULL
RDI=0x0000000000000158 is an unknown value
R8 =0x000001fb36000798 is an unknown value
R9 =0x00000006030beb40 is an oop: java.lang.Class 
{0x00000006030beb40} - klass: 'java/lang/Class'
 - ---- fields (total size 16 words):
 - private volatile transient 'classRedefinedCount' 'I' @12  0
 - private volatile transient 'cachedConstructor' 'Ljava/lang/reflect/Constructor;' @40  NULL (0)
 - private transient 'name' 'Ljava/lang/String;' @44  "net.hotspot.cplus.MetaspaceObj"{0x00000006030bebd0} (c0617d7a)
 - private transient 'module' 'Ljava/lang/Module;' @48  a 'java/lang/Module'{0x0000000602472328} (c048e465)
 - private final 'classLoader' 'Ljava/lang/ClassLoader;' @52  a 'jdk/internal/loader/ClassLoaders$AppClassLoader'{0x0000000602472168} (c048e42d)
 - private transient 'classData' 'Ljava/lang/Object;' @56  NULL (0)
 - private transient 'packageName' 'Ljava/lang/String;' @60  "net.hotspot.cplus"{0x0000000602496ee0} (c0492ddc)
 - private final 'componentType' 'Ljava/lang/Class;' @64  NULL (0)
 - private volatile transient 'reflectionData' 'Ljava/lang/ref/SoftReference;' @68  NULL (0)
 - private volatile transient 'genericInfo' 'Lsun/reflect/generics/repository/ClassRepository;' @72  NULL (0)
 - private volatile transient 'enumConstants' '[Ljava/lang/Object;' @76  NULL (0)
 - private volatile transient 'enumConstantDirectory' 'Ljava/util/Map;' @80  NULL (0)
 - private volatile transient 'annotationData' 'Ljava/lang/Class$AnnotationData;' @84  NULL (0)
 - private volatile transient 'annotationType' 'Lsun/reflect/annotation/AnnotationType;' @88  NULL (0)
 - transient 'classValueMap' 'Ljava/lang/ClassValue$ClassValueMap;' @92  NULL (0)
 - signature: Lnet/hotspot/cplus/MetaspaceObj;
 - fake entry for mirror: 'net/hotspot/cplus/MetaspaceObj'
 - fake entry for array: 'net/hotspot/cplus/MetaspaceObj'[]
 - fake entry for oop_size: 16
 - fake entry for static_oop_field_count: 0
 - private static final 'VPTR_OFFSET' 'J' @112  0 (0 0)
 - private static final 'VALID_OFFSET' 'J' @120  8 (8 0)
R10=0x000001fb36000798 is an unknown value
R11=0x000001fb07bb4b20 is at entry_point+32 in (nmethod*)0x000001fb07bb4990
Compiled method (c2)     102  283       4       sun.misc.Unsafe::getLong (8 bytes)
 total in heap  [0x000001fb07bb4990,0x000001fb07bb4ba8] = 536
 relocation     [0x000001fb07bb4ae8,0x000001fb07bb4af8] = 16
 main code      [0x000001fb07bb4b00,0x000001fb07bb4b60] = 96
 stub code      [0x000001fb07bb4b60,0x000001fb07bb4b78] = 24
 scopes data    [0x000001fb07bb4b78,0x000001fb07bb4b80] = 8
 scopes pcs     [0x000001fb07bb4b80,0x000001fb07bb4ba0] = 32
 dependencies   [0x000001fb07bb4ba0,0x000001fb07bb4ba8] = 8
R12=0x0 is NULL
R13=0x000000879a5ff058 is pointing into the stack for thread: 0x000001fb744673a0
R14=0x000000879a5ff0e0 is pointing into the stack for thread: 0x000001fb744673a0
R15=0x000001fb744673a0 is a thread


Top of Stack: (sp=0x000000879a5ff030)
0x000000879a5ff030:   0000000000000000 00000000000000b4
0x000000879a5ff040:   000000879a5ff0c0 000001fb074595ef
0x000000879a5ff050:   000001fb074595ef 000001fb36000798
0x000000879a5ff060:   0000000000000000 0000000602498b18
0x000000879a5ff070:   00000006032af920 000000879a5ff078
0x000000879a5ff080:   000001fb65419831 000000879a5ff0e0
0x000000879a5ff090:   000001fb65419d00 0000000000000000
0x000000879a5ff0a0:   00000006030beb40 000001fb65419870
0x000000879a5ff0b0:   000000879a5ff058 000000879a5ff0d0
0x000000879a5ff0c0:   000000879a5ff130 000001fb07459520
0x000000879a5ff0d0:   000001fb36000798 0000000000000000
0x000000879a5ff0e0:   00000006032af920 000000879a5ff0e8
0x000000879a5ff0f0:   000001fb6541853a 000000879a5ff150
0x000000879a5ff100:   000001fb65419f50 0000000000000000
0x000000879a5ff110:   00000006030bec58 000001fb65418560
0x000000879a5ff120:   000000879a5ff0d0 000000879a5ff140
0x000000879a5ff130:   000000879a5ff1a0 000001fb07459520
0x000000879a5ff140:   000001fb36000798 0000000000000000
0x000000879a5ff150:   00000006032af920 000000879a5ff158
0x000000879a5ff160:   000001fb6540ed42 000000879a5ff1c0
0x000000879a5ff170:   000001fb6541a020 0000000000000000
0x000000879a5ff180:   00000006030bed60 000001fb6540ed78
0x000000879a5ff190:   000000879a5ff140 000000879a5ff1b0
0x000000879a5ff1a0:   000000879a5ff210 000001fb07459520
0x000000879a5ff1b0:   000001fb36000798 0000000000000000
0x000000879a5ff1c0:   00000006032af920 000000879a5ff1c8
0x000000879a5ff1d0:   000001fb654127f2 000000879a5ff230
0x000000879a5ff1e0:   000001fb6541a818 0000000000000000
0x000000879a5ff1f0:   00000006030bef00 000001fb65400fa0
0x000000879a5ff200:   000000879a5ff1b0 000000879a5ff220
0x000000879a5ff210:   000000879a5ff290 000001fb07459520
0x000000879a5ff220:   000001fb36000798 0000000000000000 

Instructions: (pc=0x000001fb07bb4b2f)
0x000001fb07bb4a2f:   00 80 4b bb 07 fb 01 00 00 80 4b bb 07 fb 01 00
0x000001fb07bb4a3f:   00 00 00 00 00 00 00 00 00 00 00 00 00 00 00 00
0x000001fb07bb4a4f:   00 ff ff ff ff 00 00 00 00 00 00 00 00 00 00 00
0x000001fb07bb4a5f:   00 00 00 00 00 00 00 00 00 00 4b bb 07 fb 01 00
0x000001fb07bb4a6f:   00 20 4b bb 07 fb 01 00 00 00 4b bb 07 fb 01 00
0x000001fb07bb4a7f:   00 d0 01 00 00 ff ff ff ff 70 01 00 00 d0 01 00
0x000001fb07bb4a8f:   00 e8 01 00 00 e8 01 00 00 00 00 00 00 f0 01 00
0x000001fb07bb4a9f:   00 10 02 00 00 18 02 00 00 18 02 00 00 18 02 00
0x000001fb07bb4aaf:   00 18 02 00 00 18 02 00 00 18 02 00 00 00 00 00
0x000001fb07bb4abf:   00 1b 01 00 00 04 00 00 00 00 00 00 00 02 00 00
0x000001fb07bb4acf:   00 00 00 00 00 00 00 00 00 e0 01 00 00 04 00 00
0x000001fb07bb4adf:   00 ff ff ff ff ff ff ff ff 14 60 23 b0 0e f0 0e
0x000001fb07bb4aef:   80 11 64 0a 00 00 64 0f 64 00 00 00 00 00 00 00
0x000001fb07bb4aff:   00 44 8b 52 08 49 bb 00 00 00 24 fb 01 00 00 4d
0x000001fb07bb4b0f:   03 d3 49 3b c2 0f 85 66 c5 8e ff 66 90 0f 1f 40
0x000001fb07bb4b1f:   00 48 81 ec 18 00 00 00 48 89 6c 24 10 4d 8b d0
0x000001fb07bb4b2f:   49 8b 02 48 83 c4 10 5d 49 3b a7 50 03 00 00 0f
0x000001fb07bb4b3f:   87 01 00 00 00 c3 49 ba 37 4b bb 07 fb 01 00 00
0x000001fb07bb4b4f:   4d 89 97 68 03 00 00 e9 a5 2e 8f ff f4 f4 f4 f4
0x000001fb07bb4b5f:   f4 e9 1b 13 99 ff e8 00 00 00 00 48 83 2c 24 05
0x000001fb07bb4b6f:   e9 2c 21 8f ff f4 f4 f4 f4 ff 00 00 00 00 00 00
0x000001fb07bb4b7f:   00 ff ff ff ff 00 00 00 00 00 00 00 00 00 00 00
0x000001fb07bb4b8f:   00 79 00 00 00 00 00 00 00 00 00 00 00 00 00 00
0x000001fb07bb4b9f:   00 00 00 00 00 00 00 00 00 00 00 00 00 00 00 00
0x000001fb07bb4baf:   00 00 00 00 00 00 00 00 00 00 00 00 00 00 00 00
0x000001fb07bb4bbf:   00 00 00 00 00 00 00 00 00 00 00 00 00 00 00 00
0x000001fb07bb4bcf:   00 00 00 00 00 00 00 00 00 00 00 00 00 00 00 00
0x000001fb07bb4bdf:   00 00 00 00 00 00 00 00 00 00 00 00 00 00 00 00
0x000001fb07bb4bef:   00 00 00 00 00 00 00 00 00 00 00 00 00 00 00 00
0x000001fb07bb4bff:   00 00 00 00 00 00 00 00 00 00 00 00 00 00 00 00
0x000001fb07bb4c0f:   00 00 00 00 00 00 00 00 00 00 00 00 00 00 00 00
0x000001fb07bb4c1f:   00 00 00 00 00 00 00 00 00 00 00 00 00 00 00 00 


Stack slot to memory mapping:
stack at sp + 0 slots: 0x0 is NULL
stack at sp + 1 slots: 0x00000000000000b4 is an unknown value
stack at sp + 2 slots: 0x000000879a5ff0c0 is pointing into the stack for thread: 0x000001fb744673a0
stack at sp + 3 slots: 0x000001fb074595ef is at code_begin+1359 in an Interpreter codelet
return entry points  [0x000001fb074590a0, 0x000001fb07459c00]  2912 bytes
stack at sp + 4 slots: 0x000001fb074595ef is at code_begin+1359 in an Interpreter codelet
return entry points  [0x000001fb074590a0, 0x000001fb07459c00]  2912 bytes
stack at sp + 5 slots: 0x000001fb36000798 is an unknown value
stack at sp + 6 slots: 0x0 is NULL
stack at sp + 7 slots: 0x0000000602498b18 is an oop: sun.misc.Unsafe 
{0x0000000602498b18} - klass: 'sun/misc/Unsafe'
 - ---- fields (total size 2 words):


Compiled method (c2)     108  283       4       sun.misc.Unsafe::getLong (8 bytes)
 total in heap  [0x000001fb07bb4990,0x000001fb07bb4ba8] = 536
 relocation     [0x000001fb07bb4ae8,0x000001fb07bb4af8] = 16
 main code      [0x000001fb07bb4b00,0x000001fb07bb4b60] = 96
 stub code      [0x000001fb07bb4b60,0x000001fb07bb4b78] = 24
 scopes data    [0x000001fb07bb4b78,0x000001fb07bb4b80] = 8
 scopes pcs     [0x000001fb07bb4b80,0x000001fb07bb4ba0] = 32
 dependencies   [0x000001fb07bb4ba0,0x000001fb07bb4ba8] = 8

[Constant Pool (empty)]

[MachCode]
[Entry Point]
  # {method} {0x000001fb65029ab8} 'getLong' '(J)J' in 'sun/misc/Unsafe'
  # this:     rdx:rdx   = 'sun/misc/Unsafe'
  # parm0:    r8:r8     = long
  #           [sp+0x20]  (sp of caller)
  0x000001fb07bb4b00: 448b 5208 | 49bb 0000 | 0024 fb01 | 0000 4d03 | d349 3bc2 

  0x000001fb07bb4b14: ;   {runtime_call ic_miss_stub}
  0x000001fb07bb4b14: 0f85 66c5 | 8eff 6690 | 0f1f 4000 
[Verified Entry Point]
  0x000001fb07bb4b20: 4881 ec18 | 0000 0048 | 896c 2410 | 4d8b d049 | 8b02 4883 

  0x000001fb07bb4b34: ;   {poll_return}
  0x000001fb07bb4b34: c410 5d49 | 3ba7 5003 | 0000 0f87 | 0100 0000 

  0x000001fb07bb4b44: ;   {internal_word}
  0x000001fb07bb4b44: c349 ba37 | 4bbb 07fb | 0100 004d | 8997 6803 

  0x000001fb07bb4b54: ;   {runtime_call SafepointBlob}
  0x000001fb07bb4b54: 0000 e9a5 | 2e8f fff4 | f4f4 f4f4 
[Exception Handler]
  0x000001fb07bb4b60: ;   {no_reloc}
  0x000001fb07bb4b60: e91b 1399 | ffe8 0000 | 0000 4883 

  0x000001fb07bb4b6c: ;   {runtime_call DeoptimizationBlob}
  0x000001fb07bb4b6c: 2c24 05e9 | 2c21 8fff | f4f4 f4f4 
[/MachCode]


---------------  P R O C E S S  ---------------

Threads class SMR info:
_java_thread_list=0x000001fb2380c8a0, length=16, elements={
0x000001fb744673a0, 0x000001fb7f808c00, 0x000001fb7f80b6e0, 0x000001fb7f826f90,
0x000001fb7f829870, 0x000001fb7f82a140, 0x000001fb7f82aa10, 0x000001fb7f82b610,
0x000001fb235b2090, 0x000001fb235b29a0, 0x000001fb236e8080, 0x000001fb236e85a0,
0x000001fb236ecf90, 0x000001fb237322c0, 0x000001fb23735010, 0x000001fb2391e5e0
}

Java Threads: ( => current thread )
=>0x000001fb744673a0 JavaThread "main" [_thread_in_Java, id=27712, stack(0x000000879a500000,0x000000879a600000)]
  0x000001fb7f808c00 JavaThread "Reference Handler" daemon [_thread_blocked, id=25396, stack(0x000000879ac00000,0x000000879ad00000)]
  0x000001fb7f80b6e0 JavaThread "Finalizer" daemon [_thread_blocked, id=22144, stack(0x000000879ad00000,0x000000879ae00000)]
  0x000001fb7f826f90 JavaThread "Signal Dispatcher" daemon [_thread_blocked, id=25132, stack(0x000000879ae00000,0x000000879af00000)]
  0x000001fb7f829870 JavaThread "Attach Listener" daemon [_thread_blocked, id=27416, stack(0x000000879af00000,0x000000879b000000)]
  0x000001fb7f82a140 JavaThread "Service Thread" daemon [_thread_blocked, id=25516, stack(0x000000879b000000,0x000000879b100000)]
  0x000001fb7f82aa10 JavaThread "Monitor Deflation Thread" daemon [_thread_blocked, id=11520, stack(0x000000879b100000,0x000000879b200000)]
  0x000001fb7f82b610 JavaThread "C2 CompilerThread0" daemon [_thread_blocked, id=26716, stack(0x000000879b200000,0x000000879b300000)]
  0x000001fb235b2090 JavaThread "C1 CompilerThread0" daemon [_thread_blocked, id=6692, stack(0x000000879b300000,0x000000879b400000)]
  0x000001fb235b29a0 JavaThread "Sweeper thread" daemon [_thread_blocked, id=11068, stack(0x000000879b400000,0x000000879b500000)]
  0x000001fb236e8080 JavaThread "C1 CompilerThread1" daemon [_thread_blocked, id=25888, stack(0x000000879b500000,0x000000879b600000)]
  0x000001fb236e85a0 JavaThread "C1 CompilerThread2" daemon [_thread_blocked, id=25180, stack(0x000000879b600000,0x000000879b700000)]
  0x000001fb236ecf90 JavaThread "C1 CompilerThread3" daemon [_thread_blocked, id=28224, stack(0x000000879b700000,0x000000879b800000)]
  0x000001fb237322c0 JavaThread "Notification Thread" daemon [_thread_blocked, id=27768, stack(0x000000879b800000,0x000000879b900000)]
  0x000001fb23735010 JavaThread "Common-Cleaner" daemon [_thread_blocked, id=20492, stack(0x000000879ba00000,0x000000879bb00000)]
  0x000001fb2391e5e0 JavaThread "C2 CompilerThread1" daemon [_thread_blocked, id=26688, stack(0x000000879bc00000,0x000000879bd00000)]

Other Threads:
  0x000001fb7f8039d0 VMThread "VM Thread" [stack: 0x000000879ab00000,0x000000879ac00000] [id=25832]
  0x000001fb237347b0 WatcherThread [stack: 0x000000879b900000,0x000000879ba00000] [id=28272]
  0x000001fb74515440 GCTaskThread "GC Thread#0" [stack: 0x000000879a600000,0x000000879a700000] [id=3000]
  0x000001fb2378f040 GCTaskThread "GC Thread#1" [stack: 0x000000879bb00000,0x000000879bc00000] [id=25628]
  0x000001fb7f648000 ConcurrentGCThread "G1 Main Marker" [stack: 0x000000879a700000,0x000000879a800000] [id=15428]
  0x000001fb7f6496e0 ConcurrentGCThread "G1 Conc#0" [stack: 0x000000879a800000,0x000000879a900000] [id=12480]
  0x000001fb7f73f960 ConcurrentGCThread "G1 Refine#0" [stack: 0x000000879a900000,0x000000879aa00000] [id=23624]
  0x000001fb7f740140 ConcurrentGCThread "G1 Service" [stack: 0x000000879aa00000,0x000000879ab00000] [id=27724]

Threads with active compile tasks:

VM state: not at safepoint (normal execution)

VM Mutex/Monitor currently owned by a thread: None

Heap address: 0x0000000602400000, size: 8156 MB, Compressed Oops mode: Zero based, Oop shift amount: 3

CDS archive(s) mapped at: [0x000001fb24000000-0x000001fb24bb0000-0x000001fb24bb0000), size 12255232, SharedBaseAddress: 0x000001fb24000000, ArchiveRelocationMode: 1.
Compressed class space mapped at: 0x000001fb25000000-0x000001fb65000000, reserved size: 1073741824
Narrow klass base: 0x000001fb24000000, Narrow klass shift: 0, Narrow klass range: 0x100000000

GC Precious Log:
 CPUs: 16 total, 16 available
 Memory: 32621M
 Large Page Support: Disabled
 NUMA Support: Disabled
 Compressed Oops: Enabled (Zero based)
 Heap Region Size: 4M
 Heap Min Capacity: 8M
 Heap Initial Capacity: 512M
 Heap Max Capacity: 8156M
 Pre-touch: Disabled
 Parallel Workers: 13
 Concurrent Workers: 3
 Concurrent Refinement Workers: 13
 Periodic GC: Disabled

Heap:
 garbage-first heap   total 16384K, used 611K [0x0000000602400000, 0x0000000800000000)
  region size 4096K, 1 young (4096K), 0 survivors (0K)
 Metaspace       used 1198K, committed 1408K, reserved 1114112K
  class space    used 105K, committed 192K, reserved 1048576K

Heap Regions: E=young(eden), S=young(survivor), O=old, HS=humongous(starts), HC=humongous(continues), CS=collection set, F=free, OA=open archive, CA=closed archive, TAMS=top-at-mark-start (previous, next)
|   0|0x0000000602400000, 0x0000000602498fc0, 0x0000000602800000| 14%| O|  |TAMS 0x0000000602400000, 0x0000000602400000| Untracked 
|   1|0x0000000602800000, 0x0000000602800000, 0x0000000602c00000|  0%| F|  |TAMS 0x0000000602800000, 0x0000000602800000| Untracked 
|   2|0x0000000602c00000, 0x0000000602c00000, 0x0000000603000000|  0%| F|  |TAMS 0x0000000602c00000, 0x0000000602c00000| Untracked 
|   3|0x0000000603000000, 0x00000006032c0290, 0x0000000603400000| 68%| E|  |TAMS 0x0000000603000000, 0x0000000603000000| Complete 

Card table byte_map: [0x000001fb0f000000,0x000001fb0fff0000] _byte_map_base: 0x000001fb0bfee000

Marking Bits (Prev, Next): (CMBitMap*) 0x000001fb745159b0, (CMBitMap*) 0x000001fb74515970
 Prev Bits: [0x000001fb18f50000, 0x000001fb20ec0000)
 Next Bits: [0x000001fb10fe0000, 0x000001fb18f50000)

Polling page: 0x000001fb741c0000

Metaspace:

Usage:
  Non-class:      1.07 MB used.
      Class:    105.78 KB used.
       Both:      1.17 MB used.

Virtual space:
  Non-class space:       64.00 MB reserved,       1.19 MB (  2%) committed,  1 nodes.
      Class space:        1.00 GB reserved,     192.00 KB ( <1%) committed,  1 nodes.
             Both:        1.06 GB reserved,       1.38 MB ( <1%) committed. 

Chunk freelists:
   Non-Class:  11.66 MB
       Class:  15.69 MB
        Both:  27.35 MB

MaxMetaspaceSize: unlimited
CompressedClassSpaceSize: 1.00 GB
Initial GC threshold: 21.00 MB
Current GC threshold: 21.00 MB
CDS: on
MetaspaceReclaimPolicy: balanced
 - commit_granule_bytes: 65536.
 - commit_granule_words: 8192.
 - virtual_space_node_default_size: 8388608.
 - enlarge_chunks_in_place: 1.
 - new_chunks_are_fully_committed: 0.
 - uncommit_free_chunks: 1.
 - use_allocation_guard: 0.
 - handle_deallocations: 1.


Internal statistics:

num_allocs_failed_limit: 0.
num_arena_births: 72.
num_arena_deaths: 0.
num_vsnodes_births: 2.
num_vsnodes_deaths: 0.
num_space_committed: 22.
num_space_uncommitted: 0.
num_chunks_returned_to_freelist: 0.
num_chunks_taken_from_freelist: 97.
num_chunk_merges: 0.
num_chunk_splits: 63.
num_chunks_enlarged: 39.
num_inconsistent_stats: 0.

CodeHeap 'non-profiled nmethods': size=119168Kb used=123Kb max_used=123Kb free=119044Kb
 bounds [0x000001fb07ba0000, 0x000001fb07e10000, 0x000001fb0f000000]
CodeHeap 'profiled nmethods': size=119104Kb used=594Kb max_used=594Kb free=118509Kb
 bounds [0x000001fb00000000, 0x000001fb00270000, 0x000001fb07450000]
CodeHeap 'non-nmethods': size=7488Kb used=2790Kb max_used=2806Kb free=4697Kb
 bounds [0x000001fb07450000, 0x000001fb07710000, 0x000001fb07ba0000]
 total_blobs=797 nmethods=420 adapters=287
 compilation: enabled
              stopped_count=0, restarted_count=0
 full_count=0

Compilation events (20 events):
Event: 0.091 Thread 0x000001fb236e85a0 nmethod 411 0x000001fb07bbdc90 code [0x000001fb07bbde20, 0x000001fb07bbdef8]
Event: 0.091 Thread 0x000001fb236e8080 nmethod 410 0x000001fb00091210 code [0x000001fb000913c0, 0x000001fb00091628]
Event: 0.091 Thread 0x000001fb235b2090 nmethod 409 0x000001fb00091790 code [0x000001fb00091960, 0x000001fb00091df8]
Event: 0.091 Thread 0x000001fb236ecf90 nmethod 407 0x000001fb00092010 code [0x000001fb00092240, 0x000001fb00092a98]
Event: 0.092 Thread 0x000001fb235b2090  412       3       java.lang.invoke.MethodType::basicType (8 bytes)
Event: 0.092 Thread 0x000001fb235b2090 nmethod 412 0x000001fb00092f10 code [0x000001fb000930a0, 0x000001fb000931d8]
Event: 0.092 Thread 0x000001fb236e8080  413       3       java.lang.invoke.MethodTypeForm::canonicalizeAll (63 bytes)
Event: 0.093 Thread 0x000001fb236e8080 nmethod 413 0x000001fb00093290 code [0x000001fb00093480, 0x000001fb00093ad8]
Event: 0.093 Thread 0x000001fb7f82b610  415       4       java.lang.String::isLatin1 (19 bytes)
Event: 0.093 Thread 0x000001fb235b2090  416       3       java.lang.invoke.LambdaFormEditor$TransformKey::inRange (36 bytes)
Event: 0.093 Thread 0x000001fb235b2090 nmethod 416 0x000001fb00093c90 code [0x000001fb00093e20, 0x000001fb00093f78]
Event: 0.093 Thread 0x000001fb7f82b610 nmethod 415 0x000001fb07bbe290 code [0x000001fb07bbe400, 0x000001fb07bbe498]
Event: 0.094 Thread 0x000001fb236e85a0  417       3       java.nio.ByteBuffer::arrayOffset (35 bytes)
Event: 0.094 Thread 0x000001fb235b2090  418       3       java.nio.Buffer::position (52 bytes)
Event: 0.094 Thread 0x000001fb236e85a0 nmethod 417 0x000001fb00094010 code [0x000001fb000941e0, 0x000001fb000944b8]
Event: 0.094 Thread 0x000001fb235b2090 nmethod 418 0x000001fb00094610 code [0x000001fb000947c0, 0x000001fb00094a28]
Event: 0.094 Thread 0x000001fb7f82b610  419       4       java.lang.String::indexOf (29 bytes)
Event: 0.094 Thread 0x000001fb235b2090  420       1       net.hotspot.cplus.MetaspaceObj::getAddress (5 bytes)
Event: 0.094 Thread 0x000001fb235b2090 nmethod 420 0x000001fb07bbe590 code [0x000001fb07bbe720, 0x000001fb07bbe7f8]
Event: 0.095 Thread 0x000001fb7f82b610 nmethod 419 0x000001fb07bbe890 code [0x000001fb07bbea20, 0x000001fb07bbec58]

GC Heap History (2 events):
Event: 0.036 GC heap before
{Heap before GC invocations=0 (full 0):
 garbage-first heap   total 524288K, used 0K [0x0000000602400000, 0x0000000800000000)
  region size 4096K, 1 young (4096K), 0 survivors (0K)
 Metaspace       used 241K, committed 448K, reserved 1114112K
  class space    used 12K, committed 128K, reserved 1048576K
}
Event: 0.039 GC heap after
{Heap after GC invocations=1 (full 1):
 garbage-first heap   total 16384K, used 611K [0x0000000602400000, 0x0000000800000000)
  region size 4096K, 0 young (0K), 0 survivors (0K)
 Metaspace       used 241K, committed 448K, reserved 1114112K
  class space    used 12K, committed 128K, reserved 1048576K
}

Dll operation events (6 events):
Event: 0.006 Loaded shared library C:\Users\Administrator\.gradle\jdks\eclipse_adoptium-17-amd64-windows\jdk-17.0.14+7\bin\java.dll
Event: 0.018 Loaded shared library C:\Users\Administrator\.gradle\jdks\eclipse_adoptium-17-amd64-windows\jdk-17.0.14+7\bin\jsvml.dll
Event: 0.047 Loaded shared library C:\Users\Administrator\.gradle\jdks\eclipse_adoptium-17-amd64-windows\jdk-17.0.14+7\bin\management.dll
Event: 0.050 Loaded shared library C:\Users\Administrator\.gradle\jdks\eclipse_adoptium-17-amd64-windows\jdk-17.0.14+7\bin\management_ext.dll
Event: 0.062 Loaded shared library C:\Users\Administrator\.gradle\jdks\eclipse_adoptium-17-amd64-windows\jdk-17.0.14+7\bin\server\jvm.dll
Event: 0.086 Loaded shared library C:\Users\Administrator\.gradle\jdks\eclipse_adoptium-17-amd64-windows\jdk-17.0.14+7\bin\jimage.dll

Deoptimization events (4 events):
Event: 0.070 Thread 0x000001fb744673a0 Uncommon trap: trap_request=0xffffff45 fr.pc=0x000001fb07baaa04 relative=0x0000000000000084
Event: 0.070 Thread 0x000001fb744673a0 Uncommon trap: reason=unstable_if action=reinterpret pc=0x000001fb07baaa04 method=java.lang.String.charAt(I)C @ 4 c2
Event: 0.070 Thread 0x000001fb744673a0 DEOPT PACKING pc=0x000001fb07baaa04 sp=0x000000879a5fd640
Event: 0.070 Thread 0x000001fb744673a0 DEOPT UNPACKING pc=0x000001fb074a69a3 sp=0x000000879a5fd5e0 mode 2

Classes loaded (20 events):
Event: 0.082 Loading class java/util/Formatter$FixedString
Event: 0.082 Loading class java/util/Formatter$FixedString done
Event: 0.083 Loading class java/lang/NoSuchFieldError
Event: 0.083 Loading class java/lang/NoSuchFieldError done
Event: 0.086 Loading class jdk/internal/module/ModulePatcher$PatchedModuleReader
Event: 0.086 Loading class jdk/internal/module/ModulePatcher$PatchedModuleReader done
Event: 0.087 Loading class sun/net/www/protocol/jrt/Handler
Event: 0.087 Loading class sun/net/www/protocol/jrt/Handler done
Event: 0.089 Loading class sun/util/resources/LocaleData$CommonResourceBundleProvider
Event: 0.089 Loading class sun/util/resources/LocaleData$LocaleDataResourceBundleProvider
Event: 0.090 Loading class java/util/spi/ResourceBundleProvider
Event: 0.090 Loading class java/util/spi/ResourceBundleProvider done
Event: 0.090 Loading class sun/util/resources/LocaleData$LocaleDataResourceBundleProvider done
Event: 0.090 Loading class sun/util/resources/LocaleData$CommonResourceBundleProvider done
Event: 0.090 Loading class sun/util/resources/Bundles$2
Event: 0.090 Loading class sun/util/resources/Bundles$2 done
Event: 0.091 Loading class java/lang/InstantiationException
Event: 0.091 Loading class java/lang/InstantiationException done
Event: 0.091 Loading class java/lang/IllegalAccessException
Event: 0.091 Loading class java/lang/IllegalAccessException done

Classes unloaded (0 events):
No events

Classes redefined (0 events):
No events

Internal exceptions (2 events):
Event: 0.040 Thread 0x000001fb744673a0 Exception <a 'java/lang/NoSuchMethodError'{0x000000060300d380}: 'java.lang.Object java.lang.invoke.DirectMethodHandle$Holder.invokeStaticInit(java.lang.Object)'> (0x000000060300d380) 
thrown [s\src\hotspot\share\interpreter\linkResolver.cpp, line 759]
Event: 0.054 Thread 0x000001fb744673a0 Exception <a 'java/lang/NoSuchMethodError'{0x0000000603076f50}: 'int java.lang.invoke.DirectMethodHandle$Holder.invokeSpecial(java.lang.Object, java.lang.Object, java.lang.Object)'> (0x0000000603076f50) 
thrown [s\src\hotspot\share\interpreter\linkResolver.cpp, line 759]

VM Operations (2 events):
Event: 0.036 Executing VM operation: G1CollectFull
Event: 0.039 Executing VM operation: G1CollectFull done

Memory protections (0 events):
No events

Nmethod flushes (0 events):
No events

Events (16 events):
Event: 0.018 Thread 0x000001fb744673a0 Thread added: 0x000001fb744673a0
Event: 0.019 Thread 0x000001fb744673a0 Thread added: 0x000001fb7f808c00
Event: 0.019 Thread 0x000001fb744673a0 Thread added: 0x000001fb7f80b6e0
Event: 0.026 Thread 0x000001fb744673a0 Thread added: 0x000001fb7f826f90
Event: 0.026 Thread 0x000001fb744673a0 Thread added: 0x000001fb7f829870
Event: 0.026 Thread 0x000001fb744673a0 Thread added: 0x000001fb7f82a140
Event: 0.026 Thread 0x000001fb744673a0 Thread added: 0x000001fb7f82aa10
Event: 0.026 Thread 0x000001fb744673a0 Thread added: 0x000001fb7f82b610
Event: 0.027 Thread 0x000001fb744673a0 Thread added: 0x000001fb235b2090
Event: 0.027 Thread 0x000001fb744673a0 Thread added: 0x000001fb235b29a0
Event: 0.032 Thread 0x000001fb235b2090 Thread added: 0x000001fb236e8080
Event: 0.032 Thread 0x000001fb235b2090 Thread added: 0x000001fb236e85a0
Event: 0.032 Thread 0x000001fb235b2090 Thread added: 0x000001fb236ecf90
Event: 0.033 Thread 0x000001fb744673a0 Thread added: 0x000001fb237322c0
Event: 0.034 Thread 0x000001fb744673a0 Thread added: 0x000001fb23735010
Event: 0.072 Thread 0x000001fb7f82b610 Thread added: 0x000001fb2391e5e0


Dynamic libraries:
0x00007ff6d4f90000 - 0x00007ff6d4f9e000 	C:\Users\Administrator\.gradle\jdks\eclipse_adoptium-17-amd64-windows\jdk-17.0.14+7\bin\java.exe
0x00007ffe4cb00000 - 0x00007ffe4cd67000 	C:\WINDOWS\SYSTEM32\ntdll.dll
0x00007ffe4b090000 - 0x00007ffe4b15b000 	C:\WINDOWS\System32\KERNEL32.DLL
0x00007ffe4a350000 - 0x00007ffe4a752000 	C:\WINDOWS\System32\KERNELBASE.dll
0x00007ffe49ef0000 - 0x00007ffe4a03c000 	C:\WINDOWS\System32\ucrtbase.dll
0x00007ffe44180000 - 0x00007ffe44197000 	C:\Users\Administrator\.gradle\jdks\eclipse_adoptium-17-amd64-windows\jdk-17.0.14+7\bin\jli.dll
0x00007ffe3ab10000 - 0x00007ffe3ab2e000 	C:\Users\Administrator\.gradle\jdks\eclipse_adoptium-17-amd64-windows\jdk-17.0.14+7\bin\VCRUNTIME140.dll
0x00007ffe4c380000 - 0x00007ffe4c54f000 	C:\WINDOWS\System32\USER32.dll
0x00007ffe49ec0000 - 0x00007ffe49ee7000 	C:\WINDOWS\System32\win32u.dll
0x00007ffe261f0000 - 0x00007ffe26480000 	C:\WINDOWS\WinSxS\amd64_microsoft.windows.common-controls_6595b64144ccf1df_6.0.26100.9278_none_3e0d1ba8e3303201\COMCTL32.dll
0x00007ffe4c860000 - 0x00007ffe4c88b000 	C:\WINDOWS\System32\GDI32.dll
0x00007ffe4b6c0000 - 0x00007ffe4b769000 	C:\WINDOWS\System32\msvcrt.dll
0x00007ffe49d00000 - 0x00007ffe49e29000 	C:\WINDOWS\System32\gdi32full.dll
0x00007ffe4a110000 - 0x00007ffe4a1b3000 	C:\WINDOWS\System32\msvcp_win.dll
0x00007ffe4b680000 - 0x00007ffe4b6b1000 	C:\WINDOWS\System32\IMM32.DLL
0x00007ffe3bca0000 - 0x00007ffe3bcac000 	C:\Users\Administrator\.gradle\jdks\eclipse_adoptium-17-amd64-windows\jdk-17.0.14+7\bin\vcruntime140_1.dll
0x00007ffe19cc0000 - 0x00007ffe19d4d000 	C:\Users\Administrator\.gradle\jdks\eclipse_adoptium-17-amd64-windows\jdk-17.0.14+7\bin\msvcp140.dll
0x00007ffd97e90000 - 0x00007ffd98afb000 	C:\Users\Administrator\.gradle\jdks\eclipse_adoptium-17-amd64-windows\jdk-17.0.14+7\bin\server\jvm.dll
0x00007ffe4acb0000 - 0x00007ffe4ad6c000 	C:\WINDOWS\System32\ADVAPI32.dll
0x00007ffe4b770000 - 0x00007ffe4b819000 	C:\WINDOWS\System32\sechost.dll
0x00007ffe4c560000 - 0x00007ffe4c678000 	C:\WINDOWS\System32\RPCRT4.dll
0x00007ffe4bae0000 - 0x00007ffe4bb60000 	C:\WINDOWS\System32\WS2_32.dll
0x00007ffe499a0000 - 0x00007ffe499fe000 	C:\WINDOWS\SYSTEM32\POWRPROF.dll
0x00007ffe44170000 - 0x00007ffe4417b000 	C:\WINDOWS\SYSTEM32\VERSION.dll
0x00007ffe3af60000 - 0x00007ffe3af96000 	C:\WINDOWS\SYSTEM32\WINMM.dll
0x00007ffe49980000 - 0x00007ffe49995000 	C:\WINDOWS\SYSTEM32\UMPDC.dll
0x00007ffe489d0000 - 0x00007ffe489eb000 	C:\WINDOWS\SYSTEM32\kernel.appcore.dll
0x00007ffe3ab00000 - 0x00007ffe3ab0a000 	C:\Users\Administrator\.gradle\jdks\eclipse_adoptium-17-amd64-windows\jdk-17.0.14+7\bin\jimage.dll
0x00007ffe47140000 - 0x00007ffe4738c000 	C:\WINDOWS\SYSTEM32\DBGHELP.DLL
0x00007ffe4b160000 - 0x00007ffe4b4e5000 	C:\WINDOWS\System32\combase.dll
0x00007ffe4b890000 - 0x00007ffe4b969000 	C:\WINDOWS\System32\OLEAUT32.dll
0x00007ffe271b0000 - 0x00007ffe271eb000 	C:\WINDOWS\SYSTEM32\dbgcore.DLL
0x00007ffe4a050000 - 0x00007ffe4a0fc000 	C:\WINDOWS\System32\bcryptPrimitives.dll
0x00007ffe30360000 - 0x00007ffe30385000 	C:\Users\Administrator\.gradle\jdks\eclipse_adoptium-17-amd64-windows\jdk-17.0.14+7\bin\java.dll
0x00007ffe16f90000 - 0x00007ffe17067000 	C:\Users\Administrator\.gradle\jdks\eclipse_adoptium-17-amd64-windows\jdk-17.0.14+7\bin\jsvml.dll
0x00007ffe4bb70000 - 0x00007ffe4c308000 	C:\WINDOWS\System32\SHELL32.dll
0x00007ffe477a0000 - 0x00007ffe4804e000 	C:\WINDOWS\SYSTEM32\windows.storage.dll
0x00007ffe4af90000 - 0x00007ffe4b08b000 	C:\WINDOWS\System32\SHCORE.dll
0x00007ffe4ca30000 - 0x00007ffe4ca96000 	C:\WINDOWS\System32\shlwapi.dll
0x00007ffe49c20000 - 0x00007ffe49c49000 	C:\WINDOWS\SYSTEM32\profapi.dll
0x00007ffe1b100000 - 0x00007ffe1b10a000 	C:\Users\Administrator\.gradle\jdks\eclipse_adoptium-17-amd64-windows\jdk-17.0.14+7\bin\management.dll
0x00007ffe1af10000 - 0x00007ffe1af1b000 	C:\Users\Administrator\.gradle\jdks\eclipse_adoptium-17-amd64-windows\jdk-17.0.14+7\bin\management_ext.dll
0x00007ffe4c310000 - 0x00007ffe4c318000 	C:\WINDOWS\System32\PSAPI.DLL

dbghelp: loaded successfully - version: 4.0.5 - missing functions: none
symbol engine: initialized successfully - sym options: 0x614 - pdb path: .;C:\Users\Administrator\.gradle\jdks\eclipse_adoptium-17-amd64-windows\jdk-17.0.14+7\bin;C:\WINDOWS\SYSTEM32;C:\WINDOWS\WinSxS\amd64_microsoft.windows.common-controls_6595b64144ccf1df_6.0.26100.9278_none_3e0d1ba8e3303201;C:\Users\Administrator\.gradle\jdks\eclipse_adoptium-17-amd64-windows\jdk-17.0.14+7\bin\server

VM Arguments:
jvm_args: -Dfile.encoding=UTF-8 -Dfile.encoding=UTF-8 -Duser.country=CN -Duser.language=zh -Duser.variant 
java_command: net.hotspot.cplus.Utils.UnsafeUtils
java_class_path (initial): D:\azazaz\HotSpotMapping\build\classes\java\main;D:\azazaz\HotSpotMapping\build\resources\main
Launcher Type: SUN_STANDARD

[Global flags]
     intx CICompilerCount                          = 12                                        {product} {ergonomic}
     uint ConcGCThreads                            = 3                                         {product} {ergonomic}
     uint G1ConcRefinementThreads                  = 13                                        {product} {ergonomic}
   size_t G1HeapRegionSize                         = 4194304                                   {product} {ergonomic}
    uintx GCDrainStackTargetSize                   = 64                                        {product} {ergonomic}
   size_t InitialHeapSize                          = 536870912                                 {product} {ergonomic}
   size_t MarkStackSize                            = 4194304                                   {product} {ergonomic}
   size_t MaxHeapSize                              = 8552185856                                {product} {ergonomic}
   size_t MaxNewSize                               = 5129633792                                {product} {ergonomic}
   size_t MinHeapDeltaBytes                        = 4194304                                   {product} {ergonomic}
   size_t MinHeapSize                              = 8388608                                   {product} {ergonomic}
    uintx NonNMethodCodeHeapSize                   = 7602480                                {pd product} {ergonomic}
    uintx NonProfiledCodeHeapSize                  = 122027880                              {pd product} {ergonomic}
    uintx ProfiledCodeHeapSize                     = 122027880                              {pd product} {ergonomic}
    uintx ReservedCodeCacheSize                    = 251658240                              {pd product} {ergonomic}
     bool SegmentedCodeCache                       = true                                      {product} {ergonomic}
   size_t SoftMaxHeapSize                          = 8552185856                             {manageable} {ergonomic}
     bool UseCompressedClassPointers               = true                           {product lp64_product} {ergonomic}
     bool UseCompressedOops                        = true                           {product lp64_product} {ergonomic}
     bool UseG1GC                                  = true                                      {product} {ergonomic}
     bool UseLargePagesIndividualAllocation        = false                                  {pd product} {ergonomic}

Logging:
Log output configuration:
 #0: stdout all=warning uptime,level,tags
 #1: stderr all=off uptime,level,tags

Environment Variables:
JAVA_TOOL_OPTIONS= -Dfile.encoding=UTF-8
PATH=C:\Program Files\Common Files\Oracle\Java\javapath;C:\Program Files (x86)\Common Files\Oracle\Java\java8path;C:\Program Files (x86)\Common Files\Oracle\Java\javapath;C:\Program Files\Microsoft\jdk-21.0.5.11-hotspot\bin;C:\WINDOWS\system32;C:\WINDOWS;C:\WINDOWS\System32\Wbem;C:\WINDOWS\System32\WindowsPowerShell\v1.0\;C:\WINDOWS\System32\OpenSSH\;C:\Program Files\NVIDIA Corporation\NVIDIA app\NvDLISR;C:\Program Files (x86)\NVIDIA Corporation\PhysX\Common;C:\Program Files\Git\cmd;C:\Users\Administrator\AppData\Local\Microsoft\WindowsApps;C:\Program Files\JetBrains\IntelliJ IDEA 2024.3.2.2\bin;;C:\Users\Administrator\AppData\Local\Programs\Microsoft VS Code\bin;C:\Users\Administrator\.lmstudio\bin
USERNAME=Administrator
OS=Windows_NT
PROCESSOR_IDENTIFIER=Intel64 Family 6 Model 191 Stepping 2, GenuineIntel
TMP=C:\Users\ADMINI~1\AppData\Local\Temp
TEMP=C:\Users\ADMINI~1\AppData\Local\Temp



Periodic native trim disabled


---------------  S Y S T E M  ---------------

OS:
 Windows 11 , 64 bit Build 26100 (10.0.26100.9444)
OS uptime: 0 days 4:58 hours

CPU: total 16 (initial active 16) (8 cores per cpu, 2 threads per core) family 6 model 191 stepping 2 microcode 0x2d, cx8, cmov, fxsr, ht, mmx, 3dnowpref, sse, sse2, sse3, ssse3, sse4.1, sse4.2, popcnt, lzcnt, tsc, tscinvbit, avx, avx2, aes, erms, clmul, bmi1, bmi2, adx, sha, fma, vzeroupper, clflush, clflushopt, clwb
Processor Information for processor 0
  Max Mhz: 2500, Current Mhz: 2500, Mhz Limit: 2500
Processor Information for processor 1
  Max Mhz: 2500, Current Mhz: 2500, Mhz Limit: 2500
Processor Information for processor 2
  Max Mhz: 2500, Current Mhz: 2500, Mhz Limit: 2500
Processor Information for processor 3
  Max Mhz: 2500, Current Mhz: 2500, Mhz Limit: 2500
Processor Information for processor 4
  Max Mhz: 2500, Current Mhz: 2500, Mhz Limit: 2500
Processor Information for processor 5
  Max Mhz: 2500, Current Mhz: 2500, Mhz Limit: 2500
Processor Information for processor 6
  Max Mhz: 2500, Current Mhz: 2500, Mhz Limit: 2500
Processor Information for processor 7
  Max Mhz: 2500, Current Mhz: 2500, Mhz Limit: 2500
Processor Information for processor 8
  Max Mhz: 2500, Current Mhz: 2500, Mhz Limit: 2500
Processor Information for processor 9
  Max Mhz: 2500, Current Mhz: 2500, Mhz Limit: 2500
Processor Information for processor 10
  Max Mhz: 2500, Current Mhz: 2500, Mhz Limit: 2500
Processor Information for processor 11
  Max Mhz: 2500, Current Mhz: 2500, Mhz Limit: 2500
Processor Information for processor 12
  Max Mhz: 2500, Current Mhz: 1800, Mhz Limit: 1800
Processor Information for processor 13
  Max Mhz: 2500, Current Mhz: 1800, Mhz Limit: 1800
Processor Information for processor 14
  Max Mhz: 2500, Current Mhz: 1800, Mhz Limit: 1800
Processor Information for processor 15
  Max Mhz: 2500, Current Mhz: 1800, Mhz Limit: 1800

Memory: 4k page, system-wide physical 32621M (16376M free)
TotalPageFile size 40301M (AvailPageFile size 18803M)
current process WorkingSet (physical memory assigned to process): 45M, peak: 49M
current process commit charge ("private bytes"): 109M, peak: 624M

vm_info: OpenJDK 64-Bit Server VM (17.0.14+7) for windows-amd64 JRE (17.0.14+7), built on Jan 21 2025 23:40:15 by "admin" with MS VC++ 17.7 (VS2022)

END.
